// Jest Snapshot v1, https://goo.gl/fbAQLP

exports[`Test Group Creation UI Renders correctly 1`] = `
<ViewManagerAdapter_ExpoLinearGradient
  proxiedProperties={
    Object {
      "colors": Array [
        4287090411,
        4283256319,
      ],
      "endPoint": Array [
        1,
        1,
      ],
      "locations": undefined,
      "startPoint": Array [
        0,
        0,
      ],
    }
  }
  style={
    Object {
      "flex": 1,
      "padding": 5,
    }
  }
>
  <Modal
    animationType="fade"
    hardwareAccelerated={false}
    onRequestClose={[Function]}
    presentationStyle="pageSheet"
    visible={false}
  />
  <View
    accessible={true}
    collapsable={false}
    focusable={true}
    onClick={[Function]}
    onResponderGrant={[Function]}
    onResponderMove={[Function]}
    onResponderRelease={[Function]}
    onResponderTerminate={[Function]}
    onResponderTerminationRequest={[Function]}
    onStartShouldSetResponder={[Function]}
    style={
      Object {
        "alignSelf": "stretch",
        "backgroundColor": "#7FFFD4",
        "borderRadius": 10,
        "borderWidth": 1,
        "marginBottom": 5,
        "marginLeft": 5,
        "marginRight": 5,
        "marginTop": 5,
        "opacity": 1,
        "paddingBottom": 5,
        "paddingLeft": 5,
        "paddingRight": 5,
        "paddingTop": 5,
      }
    }
  >
    <Text
      style={
        Array [
          Object {
            "color": "#483d8b",
            "fontSize": 14,
            "textAlign": "center",
          },
        ]
      }
    >
       Go back
    </Text>
  </View>
  <View
    style={
      Array [
        Object {
          "alignItems": "center",
          "justifyContent": "center",
        },
      ]
    }
  >
    <Image
      source={
        Object {
          "uri": "weebs-img",
        }
      }
      style={
        Array [
          Object {
            "alignSelf": "center",
            "borderColor": "black",
            "borderRadius": 75,
            "borderWidth": 1,
            "height": 125,
            "marginTop": 30,
            "width": 125,
          },
        ]
      }
    />
    <View
      accessible={true}
      collapsable={false}
      focusable={true}
      onClick={[Function]}
      onResponderGrant={[Function]}
      onResponderMove={[Function]}
      onResponderRelease={[Function]}
      onResponderTerminate={[Function]}
      onResponderTerminationRequest={[Function]}
      onStartShouldSetResponder={[Function]}
      style={
        Object {
          "alignSelf": "center",
          "backgroundColor": "#000080",
          "borderRadius": 10,
          "marginBottom": 5,
          "marginLeft": 5,
          "marginRight": 5,
          "marginTop": 10,
          "opacity": 1,
          "paddingBottom": 10,
          "paddingLeft": 10,
          "paddingRight": 10,
          "paddingTop": 10,
          "width": "90%",
        }
      }
    >
      <Text
        style={
          Array [
            Object {
              "alignSelf": "center",
              "color": "#ffffff",
              "fontSize": 15,
              "fontWeight": "bold",
              "justifyContent": "center",
            },
          ]
        }
      >
        Change group photo
      </Text>
    </View>
  </View>
  <Text
    style={
      Array [
        Object {
          "color": "whitesmoke",
          "fontFamily": "Gill Sans",
          "fontSize": 16,
          "fontWeight": "bold",
          "marginBottom": 5,
          "marginLeft": 20,
          "marginRight": 5,
          "marginTop": 5,
        },
      ]
    }
  >
    Group Name
  </Text>
  <TextInput
    onChangeText={[Function]}
    placeholder="name"
    style={
      Array [
        Object {
          "alignSelf": "center",
          "backgroundColor": "#f0f8ff",
          "borderRadius": 10,
          "flexDirection": "row",
          "fontSize": 15,
          "marginBottom": 5,
          "marginLeft": 5,
          "marginRight": 5,
          "marginTop": 5,
          "paddingBottom": 10,
          "paddingLeft": 10,
          "paddingRight": 10,
          "paddingTop": 10,
          "width": "90%",
        },
      ]
    }
    value="Weebs"
  />
  <Text
    style={
      Array [
        Object {
          "color": "whitesmoke",
          "fontFamily": "Gill Sans",
          "fontSize": 16,
          "fontWeight": "bold",
          "marginBottom": 5,
          "marginLeft": 20,
          "marginRight": 5,
          "marginTop": 5,
        },
      ]
    }
  >
    Group Description
  </Text>
  <TextInput
    onChangeText={[Function]}
    placeholder="description"
    style={
      Array [
        Object {
          "alignSelf": "center",
          "backgroundColor": "#f0f8ff",
          "borderRadius": 10,
          "flexDirection": "row",
          "fontSize": 15,
          "marginBottom": 5,
          "marginLeft": 5,
          "marginRight": 5,
          "marginTop": 5,
          "paddingBottom": 10,
          "paddingLeft": 10,
          "paddingRight": 10,
          "paddingTop": 10,
          "width": "90%",
        },
      ]
    }
    value="weebs only"
  />
  <View
    accessible={true}
    collapsable={false}
    focusable={true}
    onClick={[Function]}
    onResponderGrant={[Function]}
    onResponderMove={[Function]}
    onResponderRelease={[Function]}
    onResponderTerminate={[Function]}
    onResponderTerminationRequest={[Function]}
    onStartShouldSetResponder={[Function]}
    style={
      Object {
        "alignSelf": "center",
        "backgroundColor": "#000080",
        "borderRadius": 10,
        "marginBottom": 5,
        "marginLeft": 5,
        "marginRight": 5,
        "marginTop": 10,
        "opacity": 1,
        "paddingBottom": 10,
        "paddingLeft": 10,
        "paddingRight": 10,
        "paddingTop": 10,
        "width": "90%",
      }
    }
  >
    <Text
      style={
        Array [
          Object {
            "alignSelf": "center",
            "color": "#ffffff",
            "fontSize": 15,
            "fontWeight": "bold",
            "justifyContent": "center",
          },
        ]
      }
    >
      Update Group Details
    </Text>
  </View>
</ViewManagerAdapter_ExpoLinearGradient>
`;
